1 And so it turned out; Mr. Hosea Hussey being from home, but leaving Mrs. Hussey entirely competent to attend to all his affairs.  Upon making known our desires for a supper and a bed, Mrs. Hussey, postponing further scolding for the present, ushered us into a little room, and seating us at a table spread with the relics of a recently concluded repast, turned round to us and said--"Clam or Cod?"
2 
3 "The whale fell directly over him, and probably killed him in a moment." --"THE WHALE AND HIS CAPTORS, OR THE WHALEMAN'S ADVENTURES AND THE WHALE'S BIOGRAPHY, GATHERED ON THE HOMEWARD CRUISE OF THE COMMODORE PREBLE."  BY REV. HENRY T.  CHEEVER.
4 
5 
6 
7 "It is impossible to meet a whale-ship on the ocean without being struck by her near appearance.  The vessel under short sail, with look-outs at the mast-heads, eagerly scanning the wide expanse around them, has a totally different air from those engaged in regular voyage." --CURRENTS AND WHALING.  U.S. EX. EX.
8 
9 We live in the house next door (No. 10).
